-- This file and its contents are licensed under the Timescale License.
-- Please see the included NOTICE for copyright information and
-- LICENSE-TIMESCALE for a copy of the license.
\set ON_ERROR_STOP 0
--table with special column names --
create table foo2 (a integer, "bacB toD" integer, c integer, d integer);
select table_name from create_hypertable('foo2', 'a', chunk_time_interval=> 10);
NOTICE:  adding not-null constraint to column "a"
 table_name 
------------
 foo2
(1 row)

create table foo3 (a integer, "bacB toD" integer, c integer, d integer);
select table_name from create_hypertable('foo3', 'a', chunk_time_interval=> 10);
NOTICE:  adding not-null constraint to column "a"
 table_name 
------------
 foo3
(1 row)

create table non_compressed (a integer, "bacB toD" integer, c integer, d integer);
select table_name from create_hypertable('non_compressed', 'a', chunk_time_interval=> 10);
NOTICE:  adding not-null constraint to column "a"
   table_name   
----------------
 non_compressed
(1 row)

insert into non_compressed values( 3 , 16 , 20, 4);
ALTER TABLE foo2 set (timescaledb.compress_segmentby = '"bacB toD",c' , timescaledb.compress_orderby = 'c');
ERROR:  must set the 'compress' boolean option when setting compression options
ALTER TABLE foo2 set (timescaledb.compress, timescaledb.compress_segmentby = '"bacB toD",c' , timescaledb.compress_orderby = 'c');
ERROR:  cannot use the same column c in compress_orderby and compress_segmentby
ALTER TABLE foo2 set (timescaledb.compress, timescaledb.compress_segmentby = '"bacB toD",c' , timescaledb.compress_orderby = 'd DESC');
NOTICE:  adding index _compressed_hypertable_4_bacB toD__ts_meta_sequence_num_idx ON _timescaledb_internal._compressed_hypertable_4 USING BTREE(bacB toD, _ts_meta_sequence_num)
NOTICE:  adding index _compressed_hypertable_4_c__ts_meta_sequence_num_idx ON _timescaledb_internal._compressed_hypertable_4 USING BTREE(c, _ts_meta_sequence_num)
ALTER TABLE foo2 set (timescaledb.compress, timescaledb.compress_segmentby = '"bacB toD",c' , timescaledb.compress_orderby = 'd');
NOTICE:  adding index _compressed_hypertable_5_bacB toD__ts_meta_sequence_num_idx ON _timescaledb_internal._compressed_hypertable_5 USING BTREE(bacB toD, _ts_meta_sequence_num)
NOTICE:  adding index _compressed_hypertable_5_c__ts_meta_sequence_num_idx ON _timescaledb_internal._compressed_hypertable_5 USING BTREE(c, _ts_meta_sequence_num)
--note that the time column "a" should be added to the end of the orderby list
select * from _timescaledb_catalog.hypertable_compression order by attname;
 hypertable_id | attname  | compression_algorithm_id | segmentby_column_index | orderby_column_index | orderby_asc | orderby_nullsfirst 
---------------+----------+--------------------------+------------------------+----------------------+-------------+--------------------
             1 | a        |                        4 |                        |                    2 | f           | t
             1 | bacB toD |                        0 |                      1 |                      |             | 
             1 | c        |                        0 |                      2 |                      |             | 
             1 | d        |                        4 |                        |                    1 | t           | f
(4 rows)

ALTER TABLE foo3 set (timescaledb.compress, timescaledb.compress_segmentby = '"bacB toD",c' , timescaledb.compress_orderby = 'd DeSc NullS lAsT');
NOTICE:  adding index _compressed_hypertable_6_bacB toD__ts_meta_sequence_num_idx ON _timescaledb_internal._compressed_hypertable_6 USING BTREE(bacB toD, _ts_meta_sequence_num)
NOTICE:  adding index _compressed_hypertable_6_c__ts_meta_sequence_num_idx ON _timescaledb_internal._compressed_hypertable_6 USING BTREE(c, _ts_meta_sequence_num)
-- Negative test cases ---
ALTER TABLE foo2 set (timescaledb.compress, timescaledb.compress_segmentby = '"bacB toD",c');
ERROR:  need to specify both compress_orderby and compress_segmentby if altering compression
ALTER TABLE foo2 set (timescaledb.compress='f');
ERROR:  disabling compression is not yet supported
create table reserved_column_prefix (a integer, _ts_meta_foo integer, "bacB toD" integer, c integer, d integer);
select table_name from create_hypertable('reserved_column_prefix', 'a', chunk_time_interval=> 10);
NOTICE:  adding not-null constraint to column "a"
       table_name       
------------------------
 reserved_column_prefix
(1 row)

ALTER TABLE reserved_column_prefix set (timescaledb.compress);
ERROR:  cannot compress tables with reserved column prefix '_ts_meta_'
--basic test with count
create table foo (a integer, b integer, c integer, t text, p point);
ALTER TABLE foo ADD CONSTRAINT chk_existing CHECK(b > 0);
select table_name from create_hypertable('foo', 'a', chunk_time_interval=> 10);
NOTICE:  adding not-null constraint to column "a"
 table_name 
------------
 foo
(1 row)

insert into foo values( 3 , 16 , 20);
insert into foo values( 10 , 10 , 20);
insert into foo values( 20 , 11 , 20);
insert into foo values( 30 , 12 , 20);
-- should error out --
ALTER TABLE foo ALTER b SET NOT NULL, set (timescaledb.compress);
ERROR:  ALTER TABLE <hypertable> SET does not support multiple clauses
ALTER TABLE foo ALTER b SET NOT NULL;
select attname, attnotnull from pg_attribute where attrelid = (select oid from pg_class where relname like 'foo') and attname like 'b';
 attname | attnotnull 
---------+------------
 b       | t
(1 row)

ALTER TABLE foo set (timescaledb.compress, timescaledb.compress_segmentby = 'd');
ERROR:  column d in compress_segmentby list does not exist
ALTER TABLE foo set (timescaledb.compress, timescaledb.compress_orderby = 'd');
ERROR:  column d in compress_orderby list does not exist
ALTER TABLE foo set (timescaledb.compress, timescaledb.compress_orderby = 'c desc nulls');
ERROR:  unable to parse the compress_orderby option 'c desc nulls'
ALTER TABLE foo set (timescaledb.compress, timescaledb.compress_orderby = 'c desc nulls thirsty');
ERROR:  unable to parse the compress_orderby option 'c desc nulls thirsty'
ALTER TABLE foo set (timescaledb.compress, timescaledb.compress_orderby = 'c climb nulls first');
ERROR:  unable to parse the compress_orderby option 'c climb nulls first'
ALTER TABLE foo set (timescaledb.compress, timescaledb.compress_orderby = 'c nulls first asC');
ERROR:  unable to parse the compress_orderby option 'c nulls first asC'
ALTER TABLE foo set (timescaledb.compress, timescaledb.compress_orderby = 'c desc nulls first asc');
ERROR:  unable to parse the compress_orderby option 'c desc nulls first asc'
ALTER TABLE foo set (timescaledb.compress, timescaledb.compress_orderby = 'c desc hurry');
ERROR:  unable to parse the compress_orderby option 'c desc hurry'
ALTER TABLE foo set (timescaledb.compress, timescaledb.compress_orderby = 'c descend');
ERROR:  unable to parse the compress_orderby option 'c descend'
ALTER TABLE foo set (timescaledb.compress, timescaledb.compress_orderby = 'c; SELECT 1');
ERROR:  unable to parse the compress_orderby option 'c; SELECT 1'
ALTER TABLE foo set (timescaledb.compress, timescaledb.compress_orderby = '1,2');
ERROR:  unable to parse the compress_orderby option '1,2'
ALTER TABLE foo set (timescaledb.compress, timescaledb.compress_orderby = 'c + 1');
ERROR:  unable to parse the compress_orderby option 'c + 1'
ALTER TABLE foo set (timescaledb.compress, timescaledb.compress_orderby = 'random()');
ERROR:  unable to parse the compress_orderby option 'random()'
ALTER TABLE foo set (timescaledb.compress, timescaledb.compress_orderby = 'c LIMIT 1');
ERROR:  unable to parse the compress_orderby option 'c LIMIT 1'
ALTER TABLE foo set (timescaledb.compress, timescaledb.compress_orderby = 'c USING <');
ERROR:  unable to parse the compress_orderby option 'c USING <'
ALTER TABLE foo set (timescaledb.compress, timescaledb.compress_orderby = 't COLLATE "en_US"');
ERROR:  unable to parse the compress_orderby option 't COLLATE "en_US"'
ALTER TABLE foo set (timescaledb.compress, timescaledb.compress_segmentby = 'c asc' , timescaledb.compress_orderby = 'c');
ERROR:  unable to parse the compress_segmentby option 'c asc'
ALTER TABLE foo set (timescaledb.compress, timescaledb.compress_segmentby = 'c nulls last');
ERROR:  unable to parse the compress_segmentby option 'c nulls last'
ALTER TABLE foo set (timescaledb.compress, timescaledb.compress_segmentby = 'c + 1');
ERROR:  unable to parse the compress_segmentby option 'c + 1'
ALTER TABLE foo set (timescaledb.compress, timescaledb.compress_segmentby = 'random()');
ERROR:  unable to parse the compress_segmentby option 'random()'
ALTER TABLE foo set (timescaledb.compress, timescaledb.compress_segmentby = 'c LIMIT 1');
ERROR:  unable to parse the compress_segmentby option 'c LIMIT 1'
ALTER TABLE foo set (timescaledb.compress, timescaledb.compress_segmentby = 'c + b');
ERROR:  unable to parse the compress_segmentby option 'c + b'
ALTER TABLE foo set (timescaledb.compress, timescaledb.compress_orderby = 'a, p');
ERROR:  invalid order by column type: could not identify an less-than operator for type point
--should succeed
ALTER TABLE foo set (timescaledb.compress, timescaledb.compress_orderby = 'a, b');
--ddl on ht with compression
ALTER TABLE foo ADD COLUMN new_column INT;
ERROR:  operation not supported on hypertables that have compression enabled
ALTER TABLE foo DROP COLUMN a;
ERROR:  operation not supported on hypertables that have compression enabled
ALTER TABLE foo DROP COLUMN t;
ERROR:  operation not supported on hypertables that have compression enabled
ALTER TABLE foo ALTER COLUMN t SET NOT NULL;
ERROR:  operation not supported on hypertables that have compression enabled
ALTER TABLE foo RESET (timescaledb.compress);
ERROR:  compression options cannot be reset
ALTER TABLE foo ADD CONSTRAINT chk CHECK(b > 0);
ERROR:  operation not supported on hypertables that have compression enabled
ALTER TABLE foo ADD CONSTRAINT chk UNIQUE(b);
ERROR:  operation not supported on hypertables that have compression enabled
ALTER TABLE foo DROP CONSTRAINT chk_existing;
ERROR:  operation not supported on hypertables that have compression enabled
--note that the time column "a" should not be added to the end of the order by list again (should appear first)
select hc.* from _timescaledb_catalog.hypertable_compression hc inner join _timescaledb_catalog.hypertable h on (h.id = hc.hypertable_id) where h.table_name = 'foo' order by attname;
 hypertable_id | attname | compression_algorithm_id | segmentby_column_index | orderby_column_index | orderby_asc | orderby_nullsfirst 
---------------+---------+--------------------------+------------------------+----------------------+-------------+--------------------
             8 | a       |                        4 |                        |                    1 | t           | f
             8 | b       |                        4 |                        |                    2 | t           | f
             8 | c       |                        4 |                        |                      |             | 
             8 | p       |                        1 |                        |                      |             | 
             8 | t       |                        2 |                        |                      |             | 
(5 rows)

select decompress_chunk(ch1.schema_name|| '.' || ch1.table_name)
FROM _timescaledb_catalog.chunk ch1, _timescaledb_catalog.hypertable ht where ch1.hypertable_id = ht.id and ht.table_name like 'foo' ORDER BY ch1.id limit 1;
ERROR:  chunk "_hyper_8_2_chunk" is not a compressed
--test changing the segment by columns
ALTER TABLE foo set (timescaledb.compress, timescaledb.compress_orderby = 'a', timescaledb.compress_segmentby = 'b');
NOTICE:  adding index _compressed_hypertable_10_b__ts_meta_sequence_num_idx ON _timescaledb_internal._compressed_hypertable_10 USING BTREE(b, _ts_meta_sequence_num)
select ch1.schema_name|| '.' || ch1.table_name AS "CHUNK_NAME"
FROM _timescaledb_catalog.chunk ch1, _timescaledb_catalog.hypertable ht where ch1.hypertable_id = ht.id and ht.table_name like 'foo' ORDER BY ch1.id limit 1 \gset
--should succeed
select compress_chunk(:'CHUNK_NAME');
 compress_chunk 
----------------
 
(1 row)

select compress_chunk(:'CHUNK_NAME');
ERROR:  chunk is already compressed
select compress_chunk(ch1.schema_name|| '.' || ch1.table_name)
FROM _timescaledb_catalog.chunk ch1, _timescaledb_catalog.hypertable ht where ch1.hypertable_id = ht.id and ht.table_name like 'non_compressed' ORDER BY ch1.id limit 1;
ERROR:  chunks can be compressed only if compression property is set on the hypertable
ALTER TABLE foo set (timescaledb.compress, timescaledb.compress_orderby = 'a', timescaledb.compress_segmentby = 'c');
ERROR:  cannot change compression options as compressed chunks already exist for this table
select decompress_chunk(ch1.schema_name|| '.' || ch1.table_name)
FROM _timescaledb_catalog.chunk ch1, _timescaledb_catalog.hypertable ht where ch1.hypertable_id = ht.id and ht.table_name like 'non_compressed' ORDER BY ch1.id limit 1;
ERROR:  missing compressed hypertable
--should succeed
select decompress_chunk(ch1.schema_name|| '.' || ch1.table_name)
FROM _timescaledb_catalog.chunk ch1, _timescaledb_catalog.hypertable ht where ch1.hypertable_id = ht.id and ht.table_name like 'foo' and ch1.compressed_chunk_id IS NOT NULL;
 decompress_chunk 
------------------
 
(1 row)

--should succeed
ALTER TABLE foo set (timescaledb.compress, timescaledb.compress_orderby = 'a', timescaledb.compress_segmentby = 'b');
NOTICE:  adding index _compressed_hypertable_11_b__ts_meta_sequence_num_idx ON _timescaledb_internal._compressed_hypertable_11 USING BTREE(b, _ts_meta_sequence_num)
select hc.* from _timescaledb_catalog.hypertable_compression hc inner join _timescaledb_catalog.hypertable h on (h.id = hc.hypertable_id) where h.table_name = 'foo' order by attname;
 hypertable_id | attname | compression_algorithm_id | segmentby_column_index | orderby_column_index | orderby_asc | orderby_nullsfirst 
---------------+---------+--------------------------+------------------------+----------------------+-------------+--------------------
             8 | a       |                        4 |                        |                    1 | t           | f
             8 | b       |                        0 |                      1 |                      |             | 
             8 | c       |                        4 |                        |                      |             | 
             8 | p       |                        1 |                        |                      |             | 
             8 | t       |                        2 |                        |                      |             | 
(5 rows)

SELECT comp_hyper.schema_name|| '.' || comp_hyper.table_name as "COMPRESSED_HYPER_NAME"
FROM _timescaledb_catalog.hypertable comp_hyper
INNER JOIN _timescaledb_catalog.hypertable uncomp_hyper ON (comp_hyper.id = uncomp_hyper.compressed_hypertable_id)
WHERE uncomp_hyper.table_name like 'foo' ORDER BY comp_hyper.id LIMIT 1 \gset
select add_drop_chunks_policy(:'COMPRESSED_HYPER_NAME', INTERVAL '4 months', true);
WARNING:  Timescale License expired
ERROR:  cannot add drop chunks policy to hypertable "_compressed_hypertable_11" which contains compressed data
--Constraint checking for compression
create table fortable(col integer primary key);
create table  table_constr( device_id integer,
                   timec integer ,
                   location integer ,
                   c integer constraint valid_cval check (c > 20) ,
                   d integer,
                   primary key ( device_id, timec)
);
select table_name from create_hypertable('table_constr', 'timec', chunk_time_interval=> 10);
  table_name  
--------------
 table_constr
(1 row)

ALTER TABLE table_constr set (timescaledb.compress, timescaledb.compress_segmentby = 'd');
ERROR:  constraint table_constr_pkey requires column device_id to be a segment_by or order_by column for compression
alter table table_constr add constraint table_constr_uk unique (location, timec, device_id);
ALTER TABLE table_constr set (timescaledb.compress, timescaledb.compress_orderby = 'timec', timescaledb.compress_segmentby = 'device_id');
ERROR:  constraint table_constr_uk requires column location to be a segment_by or order_by column for compression
alter table table_constr add constraint table_constr_fk FOREIGN KEY(d) REFERENCES fortable(col) on delete cascade;
ALTER TABLE table_constr set (timescaledb.compress, timescaledb.compress_orderby = 'timec', timescaledb.compress_segmentby = 'device_id, location');
ERROR:  constraint table_constr_fk requires column d to be a segment_by column for compression
--exclusion constraints not allowed
alter table table_constr add constraint table_constr_exclu exclude using btree (timec with = );
ALTER TABLE table_constr set (timescaledb.compress, timescaledb.compress_orderby = 'timec', timescaledb.compress_segmentby = 'device_id, location, d');
ERROR:  constraint table_constr_exclu is not supported for compression
alter table table_constr drop constraint table_constr_exclu ;
--now it works
ALTER TABLE table_constr set (timescaledb.compress, timescaledb.compress_orderby = 'timec', timescaledb.compress_segmentby = 'device_id, location, d');
NOTICE:  adding index _compressed_hypertable_13_device_id__ts_meta_sequence_num_idx ON _timescaledb_internal._compressed_hypertable_13 USING BTREE(device_id, _ts_meta_sequence_num)
NOTICE:  adding index _compressed_hypertable_13_location__ts_meta_sequence_num_idx ON _timescaledb_internal._compressed_hypertable_13 USING BTREE(location, _ts_meta_sequence_num)
NOTICE:  adding index _compressed_hypertable_13_d__ts_meta_sequence_num_idx ON _timescaledb_internal._compressed_hypertable_13 USING BTREE(d, _ts_meta_sequence_num)
--can't add fks after compression enabled
alter table table_constr add constraint table_constr_fk_add_after FOREIGN KEY(d) REFERENCES fortable(col) on delete cascade;
ERROR:  operation not supported on hypertables that have compression enabled
-- TEST fk cascade delete behavior on compressed chunk --
insert into fortable values(1);
insert into fortable values(10);
--we want 2 chunks here --
insert into table_constr values(1000, 1, 44, 44, 1);
insert into table_constr values(1000, 10, 44, 44, 10);
select ch1.schema_name|| '.' || ch1.table_name AS "CHUNK_NAME"
FROM _timescaledb_catalog.chunk ch1, _timescaledb_catalog.hypertable ht
where ch1.hypertable_id = ht.id and ht.table_name like 'table_constr'
ORDER BY ch1.id limit 1 \gset
-- we have 1 compressed and 1 uncompressed chunk after this.
select compress_chunk(:'CHUNK_NAME');
 compress_chunk 
----------------
 
(1 row)

SELECT  hypertable_name , total_chunks , number_compressed_chunks
FROM timescaledb_information.compressed_hypertable_stats;
 hypertable_name | total_chunks | number_compressed_chunks 
-----------------+--------------+--------------------------
 table_constr    |            2 |                        1
(1 row)

--delete from foreign table, should delete from hypertable too
select device_id, d from table_constr order by device_id, d;
 device_id | d  
-----------+----
      1000 |  1
      1000 | 10
(2 rows)

delete from fortable where col = 1 or col = 10;
select device_id, d from table_constr order by device_id, d;
 device_id | d 
-----------+---
(0 rows)

