-- This file and its contents are licensed under the Timescale License.
-- Please see the included NOTICE for copyright information and
-- LICENSE-TIMESCALE for a copy of the license.
\ir include/rand_generator.sql
-- This file and its contents are licensed under the Timescale License.
-- Please see the included NOTICE for copyright information and
-- LICENSE-TIMESCALE for a copy of the license
--------------------------
-- cheap rand generator --
--------------------------
create table rand_minstd_state(i bigint);
create function rand_minstd_advance(bigint) returns bigint
language sql immutable as
$$
	select (16807 * $1) % 2147483647
$$;
create function gen_rand_minstd() returns bigint
language sql as
$$
	update rand_minstd_state set i = rand_minstd_advance(i) returning i
$$;
-- seed the random num generator
insert into rand_minstd_state values (321);
CREATE TABLE test1 ("Time" timestamptz, i integer, b bigint, t text);
SELECT table_name from create_hypertable('test1', 'Time', chunk_time_interval=> INTERVAL '1 day');
NOTICE:  adding not-null constraint to column "Time"
 table_name 
------------
 test1
(1 row)

INSERT INTO test1 SELECT t,  gen_rand_minstd(), gen_rand_minstd(), gen_rand_minstd()::text FROM generate_series('2018-03-02 1:00'::TIMESTAMPTZ, '2018-03-28 1:00', '1 hour') t;
ALTER TABLE test1 set (timescaledb.compress, timescaledb.compress_segmentby = '', timescaledb.compress_orderby = '"Time" DESC');
WARNING:  Timescale License expired
SELECT
  $$
  SELECT * FROM test1 ORDER BY "Time"
  $$ AS "QUERY" \gset
SELECT 'test1' AS "HYPERTABLE_NAME" \gset
\ir include/compression_test_hypertable.sql
-- This file and its contents are licensed under the Timescale License.
-- Please see the included NOTICE for copyright information and
-- LICENSE-TIMESCALE for a copy of the license.
\set ECHO errors
psql:include/compression_test_hypertable.sql:7: NOTICE:  table "original_result" does not exist, skipping
 count_compressed 
------------------
               27
(1 row)

pg_dump: NOTICE: there are circular foreign-key constraints on this table:
pg_dump:   hypertable
pg_dump: You might not be able to restore the dump without using --disable-triggers or temporarily dropping the constraints.
pg_dump: Consider using a full dump instead of a --data-only dump to avoid this problem.
pg_dump: NOTICE: there are circular foreign-key constraints on this table:
pg_dump:   chunk
pg_dump: You might not be able to restore the dump without using --disable-triggers or temporarily dropping the constraints.
pg_dump: Consider using a full dump instead of a --data-only dump to avoid this problem.
                                     ?column?                                      | count 
-----------------------------------------------------------------------------------+-------
 Number of rows different between original and query on compressed data (expect 0) |     0
(1 row)

psql:include/compression_test_hypertable.sql:41: WARNING:  Timescale License expired
 count_decompressed 
--------------------
                 27
(1 row)

                                                   ?column?                                                   | count 
--------------------------------------------------------------------------------------------------------------+-------
 Number of rows different between original and data that has been compressed and then decompressed (expect 0) |     0
(1 row)

--add test for altered hypertable
CREATE TABLE test2 ("Time" timestamptz, i integer, b bigint, t text);
SELECT table_name from create_hypertable('test2', 'Time', chunk_time_interval=> INTERVAL '1 day');
NOTICE:  adding not-null constraint to column "Time"
 table_name 
------------
 test2
(1 row)

--create some chunks with the old column numbers
INSERT INTO test2 SELECT t,  gen_rand_minstd(), gen_rand_minstd(), gen_rand_minstd()::text FROM generate_series('2018-03-02 1:00'::TIMESTAMPTZ, '2018-03-04 1:00', '1 hour') t;
ALTER TABLE test2 DROP COLUMN b;
--add default a value
ALTER TABLE test2 ADD COLUMN c INT DEFAULT -15;
--add default NULL
ALTER TABLE test2 ADD COLUMN d INT;
--write to both old chunks and new chunks with different column #s
INSERT INTO test2 SELECT t, gen_rand_minstd(), gen_rand_minstd()::text, gen_rand_minstd(), gen_rand_minstd() FROM generate_series('2018-03-02 1:00'::TIMESTAMPTZ, '2018-03-06 1:00', '1 hour') t;
ALTER TABLE test2 set (timescaledb.compress, timescaledb.compress_segmentby = '', timescaledb.compress_orderby = 'c, "Time" DESC');
SELECT
  $$
  SELECT * FROM test2 ORDER BY c, "Time"
  $$ AS "QUERY" \gset
SELECT 'test2' AS "HYPERTABLE_NAME" \gset
\ir include/compression_test_hypertable.sql
-- This file and its contents are licensed under the Timescale License.
-- Please see the included NOTICE for copyright information and
-- LICENSE-TIMESCALE for a copy of the license.
\set ECHO errors
 count_compressed 
------------------
                5
(1 row)

pg_dump: NOTICE: there are circular foreign-key constraints on this table:
pg_dump:   hypertable
pg_dump: You might not be able to restore the dump without using --disable-triggers or temporarily dropping the constraints.
pg_dump: Consider using a full dump instead of a --data-only dump to avoid this problem.
pg_dump: NOTICE: there are circular foreign-key constraints on this table:
pg_dump:   chunk
pg_dump: You might not be able to restore the dump without using --disable-triggers or temporarily dropping the constraints.
pg_dump: Consider using a full dump instead of a --data-only dump to avoid this problem.
                                     ?column?                                      | count 
-----------------------------------------------------------------------------------+-------
 Number of rows different between original and query on compressed data (expect 0) |     0
(1 row)

psql:include/compression_test_hypertable.sql:41: WARNING:  Timescale License expired
 count_decompressed 
--------------------
                  5
(1 row)

                                                   ?column?                                                   | count 
--------------------------------------------------------------------------------------------------------------+-------
 Number of rows different between original and data that has been compressed and then decompressed (expect 0) |     0
(1 row)

--TEST4 create segments with > 1000 rows.
CREATE TABLE test4 (
      timec       TIMESTAMPTZ       NOT NULL,
      location    TEXT              NOT NULL,
      location2   char(10)          NOT NULL,
      temperature DOUBLE PRECISION  NULL,
      humidity    DOUBLE PRECISION  NULL
    );
--we want all the data to go into 1 chunk. so use 1 year chunk interval
select create_hypertable( 'test4', 'timec', chunk_time_interval=> '1 year'::interval);
 create_hypertable  
--------------------
 (5,public,test4,t)
(1 row)

alter table test4 set (timescaledb.compress, timescaledb.compress_segmentby = 'location', timescaledb.compress_orderby = 'timec');
insert into test4
select generate_series('2018-01-01 00:00'::timestamp, '2018-01-31 00:00'::timestamp, '1 day'), 'NYC', 'klick', 55, 75;
insert into test4
select generate_series('2018-02-01 00:00'::timestamp, '2018-02-14 00:00'::timestamp, '1 min'), 'POR', 'klick', 55, 75;
select table_name, num_chunks
from timescaledb_information.hypertable
where table_name like 'test4';
 table_name | num_chunks 
------------+------------
 test4      |          1
(1 row)

select location, count(*)
from test4
group by location;
 location | count 
----------+-------
 POR      | 18721
 NYC      |    31
(2 rows)

SELECT $$ SELECT * FROM test4 ORDER BY timec $$ AS "QUERY" \gset
SELECT 'test4' AS "HYPERTABLE_NAME" \gset
\ir include/compression_test_hypertable.sql
-- This file and its contents are licensed under the Timescale License.
-- Please see the included NOTICE for copyright information and
-- LICENSE-TIMESCALE for a copy of the license.
\set ECHO errors
 count_compressed 
------------------
                1
(1 row)

pg_dump: NOTICE: there are circular foreign-key constraints on this table:
pg_dump:   hypertable
pg_dump: You might not be able to restore the dump without using --disable-triggers or temporarily dropping the constraints.
pg_dump: Consider using a full dump instead of a --data-only dump to avoid this problem.
pg_dump: NOTICE: there are circular foreign-key constraints on this table:
pg_dump:   chunk
pg_dump: You might not be able to restore the dump without using --disable-triggers or temporarily dropping the constraints.
pg_dump: Consider using a full dump instead of a --data-only dump to avoid this problem.
                                     ?column?                                      | count 
-----------------------------------------------------------------------------------+-------
 Number of rows different between original and query on compressed data (expect 0) |     0
(1 row)

psql:include/compression_test_hypertable.sql:41: WARNING:  Timescale License expired
 count_decompressed 
--------------------
                  1
(1 row)

                                                   ?column?                                                   | count 
--------------------------------------------------------------------------------------------------------------+-------
 Number of rows different between original and data that has been compressed and then decompressed (expect 0) |     0
(1 row)

